3
 energy: -5.070383095219 gnorm: 0.022863065006 xtb: 6.7.1 (edcfbbe)
O            0.00000000000000        0.00000000000000        0.00000000000000
H            0.96000000000000        0.00000000000000        0.00000000000000
H           -0.24000000000000        0.93000000000000        0.00000000000000
3
 energy: -5.070529378751 gnorm: 0.004671793246 xtb: 6.7.1 (edcfbbe)
O            0.00711367543720        0.01182956613294       -0.00000000000000
H            0.96957088198360       -0.01529620592199        0.00000000000000
H           -0.25668455742081        0.93346663978905        0.00000000000000
3
 energy: -5.070542344903 gnorm: 0.001425038494 xtb: 6.7.1 (edcfbbe)
O            0.00783351436501        0.01111591332679       -0.00000000000000
H            0.96767164934295       -0.01423959510704        0.00000000000000
H           -0.25550516370795        0.93312368178025        0.00000000000000
3
 energy: -5.070543980540 gnorm: 0.000944597244 xtb: 6.7.1 (edcfbbe)
O            0.00799878949396        0.01017741348763       -0.00000000000000
H            0.96618902513453       -0.01303105461497        0.00000000000000
H           -0.25418781462849        0.93285364112734        0.00000000000000
